// Jest Snapshot v1, https://goo.gl/fbAQLP

exports[`should render graph correctly 1`] = `ShallowWrapper {}`;
